// Vitest Snapshot v1

exports[`<ColorBox /> > should render correctly 1`] = `ShallowWrapper {}`;
